** Drc report for WindStation.kicad_pcb **
** Created on 2026-05-30T04:11:05 **
** Report includes: Errors, Warnings **

** Found 36 DRC violations **
[copper_edge_clearance]: Board edge clearance violation (board setup constraints edge clearance 0.5000 mm; actual 0.0000 mm)
    Rule: board setup constraints edge; error
    @(78.0000 mm, 48.0000 mm): Rectangle on Edge.Cuts
    @(168.6550 mm, 64.8550 mm): Pad 2 [/GND] of BT1 on F.Cu
[copper_edge_clearance]: Board edge clearance violation (board setup constraints edge clearance 0.5000 mm; actual 0.0000 mm)
    Rule: board setup constraints edge; error
    @(78.0000 mm, 48.0000 mm): Rectangle on Edge.Cuts
    @(168.6550 mm, 87.5650 mm): Pad 2 [/GND] of BT2 on F.Cu
[silk_overlap]: Silkscreen clearance
    Rule: board setup constraints silk; warning
    @(115.9950 mm, 115.7750 mm): Rectangle of R5 on F.Silkscreen
    @(119.2650 mm, 118.8250 mm): Reference field of R6
[silk_overlap]: Silkscreen clearance
    Rule: board setup constraints silk; warning
    @(167.8550 mm, 98.2500 mm): Segment of BT2 on F.Silkscreen
    @(119.2650 mm, 98.5750 mm): Reference field of R1
[silk_overlap]: Silkscreen clearance
    Rule: board setup constraints silk; warning
    @(115.9950 mm, 99.5750 mm): Rectangle of R1 on F.Silkscreen
    @(119.2650 mm, 102.6250 mm): Reference field of R2
[silk_overlap]: Silkscreen clearance
    Rule: board setup constraints silk; warning
    @(129.6550 mm, 110.1250 mm): Arc of D4 on F.Silkscreen
    @(129.6550 mm, 113.6350 mm): Reference field of D5
[silk_overlap]: Silkscreen clearance
    Rule: board setup constraints silk; warning
    @(129.6550 mm, 117.5950 mm): Arc of D5 on F.Silkscreen
    @(129.6550 mm, 121.1050 mm): Reference field of D6
[silk_overlap]: Silkscreen clearance
    Rule: board setup constraints silk; warning
    @(119.2650 mm, 114.7750 mm): Reference field of R5
    @(115.9950 mm, 111.7250 mm): Rectangle of R4 on F.Silkscreen
[silk_overlap]: Silkscreen clearance
    Rule: board setup constraints silk; warning
    @(119.2650 mm, 106.6750 mm): Reference field of R3
    @(115.9950 mm, 103.6250 mm): Rectangle of R2 on F.Silkscreen
[silk_overlap]: Silkscreen clearance
    Rule: board setup constraints silk; warning
    @(119.2650 mm, 110.7250 mm): Reference field of R4
    @(115.9950 mm, 107.6750 mm): Rectangle of R3 on F.Silkscreen
[silk_overlap]: Silkscreen clearance
    Rule: board setup constraints silk; warning
    @(129.6550 mm, 106.1650 mm): Reference field of D4
    @(129.6550 mm, 102.6550 mm): Arc of D3 on F.Silkscreen
[silk_overlap]: Silkscreen clearance
    Rule: board setup constraints silk; warning
    @(129.6550 mm, 98.6950 mm): Reference field of D3
    @(167.8550 mm, 98.2500 mm): Segment of BT2 on F.Silkscreen
[silk_overlap]: Silkscreen clearance
    Rule: board setup constraints silk; warning
    @(142.0650 mm, 106.5450 mm): Reference field of C4
    @(144.6850 mm, 106.3650 mm): Segment of C3 on F.Silkscreen
[silk_overlap]: Silkscreen clearance
    Rule: board setup constraints silk; warning
    @(142.0650 mm, 110.5950 mm): Reference field of C5
    @(144.6850 mm, 110.4150 mm): Segment of C4 on F.Silkscreen
[silk_overlap]: Silkscreen clearance
    Rule: board setup constraints silk; warning
    @(144.6850 mm, 102.3150 mm): Segment of C2 on F.Silkscreen
    @(142.0650 mm, 102.4950 mm): Reference field of C3
[silk_overlap]: Silkscreen clearance
    Rule: board setup constraints silk; warning
    @(139.4396 mm, 129.1150 mm): Segment of C1 on F.Silkscreen
    @(139.1250 mm, 139.7450 mm): Reference field of F1
[silk_overlap]: Silkscreen clearance
    Rule: board setup constraints silk; warning
    @(139.1250 mm, 139.7450 mm): Reference field of F1
    @(139.4796 mm, 129.1150 mm): Segment of C1 on F.Silkscreen
[silk_overlap]: Silkscreen clearance
    Rule: board setup constraints silk; warning
    @(139.4396 mm, 134.1950 mm): Circle of C1 on F.Silkscreen
    @(139.1250 mm, 139.7450 mm): Reference field of F1
[silk_overlap]: Silkscreen clearance
    Rule: board setup constraints silk; warning
    @(139.5196 mm, 129.1160 mm): Segment of C1 on F.Silkscreen
    @(139.1250 mm, 139.7450 mm): Reference field of F1
[silk_overlap]: Silkscreen clearance
    Rule: board setup constraints silk; warning
    @(139.5596 mm, 129.1160 mm): Segment of C1 on F.Silkscreen
    @(139.1250 mm, 139.7450 mm): Reference field of F1
[silk_overlap]: Silkscreen clearance
    Rule: board setup constraints silk; warning
    @(139.5996 mm, 129.1180 mm): Segment of C1 on F.Silkscreen
    @(139.1250 mm, 139.7450 mm): Reference field of F1
[silk_overlap]: Silkscreen clearance
    Rule: board setup constraints silk; warning
    @(139.6396 mm, 129.1190 mm): Segment of C1 on F.Silkscreen
    @(139.1250 mm, 139.7450 mm): Reference field of F1
[silk_overlap]: Silkscreen clearance
    Rule: board setup constraints silk; warning
    @(139.6796 mm, 129.1210 mm): Segment of C1 on F.Silkscreen
    @(139.1250 mm, 139.7450 mm): Reference field of F1
[silk_overlap]: Silkscreen clearance
    Rule: board setup constraints silk; warning
    @(139.4396 mm, 127.9450 mm): Reference field of C1
    @(138.9050 mm, 119.7750 mm): Segment of U2 on F.Silkscreen
[silk_overlap]: Silkscreen clearance
    Rule: board setup constraints silk; warning
    @(139.4396 mm, 127.9450 mm): Reference field of C1
    @(138.9050 mm, 127.5050 mm): Segment of U2 on F.Silkscreen
[silk_overlap]: Silkscreen clearance
    Rule: board setup constraints silk; warning
    @(167.8550 mm, 98.2500 mm): Segment of BT2 on F.Silkscreen
    @(153.0950 mm, 98.5750 mm): Reference field of D1
[silk_overlap]: Silkscreen clearance
    Rule: board setup constraints silk; warning
    @(167.8550 mm, 98.2500 mm): Segment of BT2 on F.Silkscreen
    @(135.6950 mm, 98.8350 mm): Reference field of U1
[silk_overlap]: Silkscreen clearance
    Rule: board setup constraints silk; warning
    @(167.8550 mm, 98.2500 mm): Segment of BT2 on F.Silkscreen
    @(142.0650 mm, 98.4450 mm): Reference field of C2
[silk_overlap]: Silkscreen clearance
    Rule: board setup constraints silk; warning
    @(167.8550 mm, 75.5400 mm): Segment of BT1 on F.Silkscreen
    @(128.9650 mm, 76.0350 mm): Reference field of BT2
[silk_overlap]: Silkscreen clearance
    Rule: board setup constraints silk; warning
    @(150.3750 mm, 99.5750 mm): Rectangle of D1 on F.Silkscreen
    @(153.0950 mm, 102.8250 mm): Reference field of D2
[silk_overlap]: Silkscreen clearance
    Rule: board setup constraints silk; warning
    @(115.9950 mm, 127.9250 mm): Rectangle of R8 on F.Silkscreen
    @(119.2650 mm, 130.9750 mm): Reference field of R9
[silk_overlap]: Silkscreen clearance
    Rule: board setup constraints silk; warning
    @(119.2650 mm, 135.0250 mm): Reference field of R10
    @(115.9950 mm, 131.9750 mm): Rectangle of R9 on F.Silkscreen
[silk_overlap]: Silkscreen clearance
    Rule: board setup constraints silk; warning
    @(129.6550 mm, 125.0650 mm): Arc of D6 on F.Silkscreen
    @(129.6550 mm, 128.5750 mm): Reference field of D7
[silk_overlap]: Silkscreen clearance
    Rule: board setup constraints silk; warning
    @(115.9950 mm, 119.8250 mm): Rectangle of R6 on F.Silkscreen
    @(119.2650 mm, 122.8750 mm): Reference field of R7
[silk_overlap]: Silkscreen clearance
    Rule: board setup constraints silk; warning
    @(119.2650 mm, 126.9250 mm): Reference field of R8
    @(115.9950 mm, 123.8750 mm): Rectangle of R7 on F.Silkscreen
[silk_overlap]: Silkscreen clearance
    Rule: board setup constraints silk; warning
    @(119.2650 mm, 139.0750 mm): Reference field of R11
    @(115.9950 mm, 136.0250 mm): Rectangle of R10 on F.Silkscreen

** Found 61 unconnected pads **
[unconnected_items]: Missing connection between items
    Local override; error
    @(87.1250 mm, 126.0800 mm): PTH pad 10 [/BAT_ADC] of U4
    @(114.1850 mm, 121.1950 mm): PTH pad 1 [/BAT_ADC] of R6
[unconnected_items]: Missing connection between items
    Local override; error
    @(114.1850 mm, 121.1950 mm): PTH pad 1 [/BAT_ADC] of R6
    @(124.3450 mm, 117.1450 mm): PTH pad 2 [/BAT_ADC] of R5
[unconnected_items]: Missing connection between items
    Local override; error
    @(124.3450 mm, 117.1450 mm): PTH pad 2 [/BAT_ADC] of R5
    @(139.5650 mm, 113.0950 mm): PTH pad 1 [/BAT_ADC] of C5
[unconnected_items]: Missing connection between items
    Local override; error
    @(109.9850 mm, 105.7600 mm): PTH pad 17 [/GND] of U4
    @(124.3450 mm, 104.9950 mm): PTH pad 2 [/GND] of R2
[unconnected_items]: Missing connection between items
    Local override; error
    @(109.9850 mm, 105.7600 mm): PTH pad 17 [/GND] of U4
    @(87.1250 mm, 105.7600 mm): PTH pad 2 [/GND] of U4
[unconnected_items]: Missing connection between items
    Local override; error
    @(124.3450 mm, 104.9950 mm): PTH pad 2 [/GND] of R2
    @(128.3850 mm, 110.1250 mm): PTH pad 1 [/GND] of D4
[unconnected_items]: Missing connection between items
    Local override; error
    @(124.3450 mm, 113.0950 mm): PTH pad 2 [/GND] of R4
    @(128.3850 mm, 110.1250 mm): PTH pad 1 [/GND] of D4
[unconnected_items]: Missing connection between items
    Local override; error
    @(124.3450 mm, 113.0950 mm): PTH pad 2 [/GND] of R4
    @(128.3850 mm, 117.5950 mm): PTH pad 1 [/GND] of D5
[unconnected_items]: Missing connection between items
    Local override; error
    @(124.3450 mm, 121.1950 mm): PTH pad 2 [/GND] of R6
    @(128.3850 mm, 117.5950 mm): PTH pad 1 [/GND] of D5
[unconnected_items]: Missing connection between items
    Local override; error
    @(128.3850 mm, 102.6550 mm): PTH pad 1 [/GND] of D3
    @(124.3450 mm, 104.9950 mm): PTH pad 2 [/GND] of R2
[unconnected_items]: Missing connection between items
    Local override; error
    @(128.3850 mm, 125.0650 mm): PTH pad 1 [/GND] of D6
    @(124.3450 mm, 121.1950 mm): PTH pad 2 [/GND] of R6
[unconnected_items]: Missing connection between items
    Local override; error
    @(128.3850 mm, 132.5350 mm): PTH pad 1 [/GND] of D7
    @(128.3850 mm, 125.0650 mm): PTH pad 1 [/GND] of D6
[unconnected_items]: Missing connection between items
    Local override; error
    @(135.6950 mm, 103.7550 mm): PTH pad 2 [/GND] of U1
    @(135.6950 mm, 108.8350 mm): PTH pad 4 [/GND] of U1
[unconnected_items]: Missing connection between items
    Local override; error
    @(135.6950 mm, 103.7550 mm): PTH pad 2 [/GND] of U1
    @(128.3850 mm, 102.6550 mm): PTH pad 1 [/GND] of D3
[unconnected_items]: Missing connection between items
    Local override; error
    @(135.6950 mm, 113.9150 mm): PTH pad 6 [/GND] of U1
    @(135.6950 mm, 108.8350 mm): PTH pad 4 [/GND] of U1
[unconnected_items]: Missing connection between items
    Local override; error
    @(135.6950 mm, 113.9150 mm): PTH pad 6 [/GND] of U1
    @(135.6950 mm, 121.0450 mm): PTH pad 2 [/GND] of J2
[unconnected_items]: Missing connection between items
    Local override; error
    @(140.2850 mm, 121.0450 mm): PTH pad 2 [/GND] of U2
    @(135.6950 mm, 121.0450 mm): PTH pad 2 [/GND] of J2
[unconnected_items]: Missing connection between items
    Local override; error
    @(141.9396 mm, 134.1950 mm): PTH pad 2 [/GND] of C1
    @(140.2850 mm, 126.1250 mm): PTH pad 4 [/GND] of U2
[unconnected_items]: Missing connection between items
    Local override; error
    @(144.5650 mm, 100.9450 mm): PTH pad 2 [/GND] of C2
    @(144.5650 mm, 104.9950 mm): PTH pad 2 [/GND] of C3
[unconnected_items]: Missing connection between items
    Local override; error
    @(144.5650 mm, 104.9950 mm): PTH pad 2 [/GND] of C3
    @(144.5650 mm, 109.0450 mm): PTH pad 2 [/GND] of C4
[unconnected_items]: Missing connection between items
    Local override; error
    @(144.5650 mm, 109.0450 mm): PTH pad 2 [/GND] of C4
    @(144.5650 mm, 113.0950 mm): PTH pad 2 [/GND] of C5
[unconnected_items]: Missing connection between items
    Local override; error
    @(144.5650 mm, 113.0950 mm): PTH pad 2 [/GND] of C5
    @(144.8750 mm, 121.0450 mm): PTH pad 2 [/GND] of U3
[unconnected_items]: Missing connection between items
    Local override; error
    @(144.8750 mm, 121.0450 mm): PTH pad 2 [/GND] of U3
    @(140.2850 mm, 121.0450 mm): PTH pad 2 [/GND] of U2
[unconnected_items]: Missing connection between items
    Local override; error
    @(144.8750 mm, 126.1250 mm): PTH pad 4 [/GND] of U3
    @(140.2850 mm, 126.1250 mm): PTH pad 4 [/GND] of U2
[unconnected_items]: Missing connection between items
    Local override; error
    @(144.8750 mm, 126.1250 mm): PTH pad 4 [/GND] of U3
    @(144.8750 mm, 121.0450 mm): PTH pad 2 [/GND] of U3
[unconnected_items]: Missing connection between items
    Local override; error
    @(154.0550 mm, 121.0450 mm): PTH pad 2 [/GND] of J1
    @(144.8750 mm, 121.0450 mm): PTH pad 2 [/GND] of U3
[unconnected_items]: Missing connection between items
    Local override; error
    @(168.6550 mm, 87.5650 mm): Pad 2 [/GND] of BT2 on F.Cu
    @(168.6550 mm, 64.8550 mm): Pad 2 [/GND] of BT1 on F.Cu
[unconnected_items]: Missing connection between items
    Local override; error
    @(168.6550 mm, 87.5650 mm): Pad 2 [/GND] of BT2 on F.Cu
    @(144.5650 mm, 100.9450 mm): PTH pad 2 [/GND] of C2
[unconnected_items]: Missing connection between items
    Local override; error
    @(87.1250 mm, 123.5400 mm): PTH pad 9 [/LED_ERROR] of U4
    @(114.1850 mm, 141.4450 mm): PTH pad 1 [/LED_ERROR] of R11
[unconnected_items]: Missing connection between items
    Local override; error
    @(124.3450 mm, 141.4450 mm): PTH pad 2 [/N_R11_D7] of R11
    @(130.9250 mm, 132.5350 mm): PTH pad 2 [/N_R11_D7] of D7
[unconnected_items]: Missing connection between items
    Local override; error
    @(135.6950 mm, 118.5050 mm): PTH pad 1 [/V12_SENSOR] of J2
    @(144.8750 mm, 123.5850 mm): PTH pad 3 [/V12_SENSOR] of U3
[unconnected_items]: Missing connection between items
    Local override; error
    @(114.1850 mm, 100.9450 mm): PTH pad 1 [/SPEED_SIG] of R1
    @(135.6950 mm, 123.5850 mm): PTH pad 3 [/SPEED_SIG] of J2
[unconnected_items]: Missing connection between items
    Local override; error
    @(114.1850 mm, 109.0450 mm): PTH pad 1 [/DIR_SIG] of R3
    @(135.6950 mm, 126.1250 mm): PTH pad 4 [/DIR_SIG] of J2
[unconnected_items]: Missing connection between items
    Local override; error
    @(139.5650 mm, 100.9450 mm): PTH pad 1 [/LOAD_RAIL] of C2
    @(144.8750 mm, 118.5050 mm): PTH pad 1 [/LOAD_RAIL] of U3
[unconnected_items]: Missing connection between items
    Local override; error
    @(139.5650 mm, 100.9450 mm): PTH pad 1 [/LOAD_RAIL] of C2
    @(87.1250 mm, 103.2200 mm): PTH pad 1 [/LOAD_RAIL] of U4
[unconnected_items]: Missing connection between items
    Local override; error
    @(144.8750 mm, 118.5050 mm): PTH pad 1 [/LOAD_RAIL] of U3
    @(149.4650 mm, 118.5050 mm): PTH pad 1 [/LOAD_RAIL] of SW1
[unconnected_items]: Missing connection between items
    Local override; error
    @(154.0550 mm, 118.5050 mm): PTH pad 1 [/ADAPTER_5V] of J1
    @(158.1750 mm, 101.0450 mm): PTH pad 2 [/ADAPTER_5V] of D1
[unconnected_items]: Missing connection between items
    Local override; error
    @(158.1750 mm, 101.0450 mm): PTH pad 2 [/ADAPTER_5V] of D1
    @(135.6950 mm, 101.2150 mm): PTH pad 1 [/ADAPTER_5V] of U1
[unconnected_items]: Missing connection between items
    Local override; error
    @(135.6950 mm, 106.2950 mm): PTH pad 3 [/TP_B+] of U1
    @(114.1850 mm, 117.1450 mm): PTH pad 1 [/TP_B+] of R5
[unconnected_items]: Missing connection between items
    Local override; error
    @(141.6750 mm, 142.8450 mm): PTH pad 2 [/TP_B+] of F1
    @(135.6950 mm, 106.2950 mm): PTH pad 3 [/TP_B+] of U1
[unconnected_items]: Missing connection between items
    Local override; error
    @(135.6950 mm, 111.3750 mm): PTH pad 5 [/TP_OUT] of U1
    @(140.2850 mm, 118.5050 mm): PTH pad 1 [/TP_OUT] of U2
[unconnected_items]: Missing connection between items
    Local override; error
    @(124.3450 mm, 125.2450 mm): PTH pad 2 [/N_R7_D3] of R7
    @(130.9250 mm, 102.6550 mm): PTH pad 2 [/N_R7_D3] of D3
[unconnected_items]: Missing connection between items
    Local override; error
    @(136.9396 mm, 134.1950 mm): PTH pad 1 [/RAIL_4V7] of C1
    @(149.4650 mm, 121.0450 mm): PTH pad 2 [/RAIL_4V7] of SW1
[unconnected_items]: Missing connection between items
    Local override; error
    @(148.0150 mm, 101.0450 mm): PTH pad 1 [/RAIL_4V7] of D1
    @(148.0150 mm, 105.2950 mm): PTH pad 1 [/RAIL_4V7] of D2
[unconnected_items]: Missing connection between items
    Local override; error
    @(149.4650 mm, 121.0450 mm): PTH pad 2 [/RAIL_4V7] of SW1
    @(148.0150 mm, 105.2950 mm): PTH pad 1 [/RAIL_4V7] of D2
[unconnected_items]: Missing connection between items
    Local override; error
    @(114.1850 mm, 104.9950 mm): PTH pad 1 [/SPEED_ADC] of R2
    @(87.1250 mm, 131.1600 mm): PTH pad 12 [/SPEED_ADC] of U4
[unconnected_items]: Missing connection between items
    Local override; error
    @(124.3450 mm, 100.9450 mm): PTH pad 2 [/SPEED_ADC] of R1
    @(114.1850 mm, 104.9950 mm): PTH pad 1 [/SPEED_ADC] of R2
[unconnected_items]: Missing connection between items
    Local override; error
    @(139.5650 mm, 104.9950 mm): PTH pad 1 [/SPEED_ADC] of C3
    @(124.3450 mm, 100.9450 mm): PTH pad 2 [/SPEED_ADC] of R1
[unconnected_items]: Missing connection between items
    Local override; error
    @(89.2750 mm, 64.8550 mm): Pad 1 [/VBAT] of BT1 on F.Cu
    @(89.2750 mm, 87.5650 mm): Pad 1 [/VBAT] of BT2 on F.Cu
[unconnected_items]: Missing connection between items
    Local override; error
    @(89.2750 mm, 87.5650 mm): Pad 1 [/VBAT] of BT2 on F.Cu
    @(136.5750 mm, 141.6450 mm): PTH pad 1 [/VBAT] of F1
[unconnected_items]: Missing connection between items
    Local override; error
    @(114.1850 mm, 113.0950 mm): PTH pad 1 [/DIR_ADC] of R4
    @(87.1250 mm, 128.6200 mm): PTH pad 11 [/DIR_ADC] of U4
[unconnected_items]: Missing connection between items
    Local override; error
    @(124.3450 mm, 109.0450 mm): PTH pad 2 [/DIR_ADC] of R3
    @(114.1850 mm, 113.0950 mm): PTH pad 1 [/DIR_ADC] of R4
[unconnected_items]: Missing connection between items
    Local override; error
    @(139.5650 mm, 109.0450 mm): PTH pad 1 [/DIR_ADC] of C4
    @(124.3450 mm, 109.0450 mm): PTH pad 2 [/DIR_ADC] of R3
[unconnected_items]: Missing connection between items
    Local override; error
    @(124.3450 mm, 133.3450 mm): PTH pad 2 [/N_R9_D5] of R9
    @(130.9250 mm, 117.5950 mm): PTH pad 2 [/N_R9_D5] of D5
[unconnected_items]: Missing connection between items
    Local override; error
    @(87.1250 mm, 113.3800 mm): PTH pad 5 [/LED_RED] of U4
    @(114.1850 mm, 133.3450 mm): PTH pad 1 [/LED_RED] of R9
[unconnected_items]: Missing connection between items
    Local override; error
    @(87.1250 mm, 121.0000 mm): PTH pad 8 [/LED_WIFI] of U4
    @(114.1850 mm, 137.3950 mm): PTH pad 1 [/LED_WIFI] of R10
[unconnected_items]: Missing connection between items
    Local override; error
    @(124.3450 mm, 137.3950 mm): PTH pad 2 [/N_R10_D6] of R10
    @(130.9250 mm, 125.0650 mm): PTH pad 2 [/N_R10_D6] of D6
[unconnected_items]: Missing connection between items
    Local override; error
    @(87.1250 mm, 115.9200 mm): PTH pad 6 [/LED_YELLOW] of U4
    @(114.1850 mm, 129.2950 mm): PTH pad 1 [/LED_YELLOW] of R8
[unconnected_items]: Missing connection between items
    Local override; error
    @(87.1250 mm, 118.4600 mm): PTH pad 7 [/LED_GREEN] of U4
    @(114.1850 mm, 125.2450 mm): PTH pad 1 [/LED_GREEN] of R7
[unconnected_items]: Missing connection between items
    Local override; error
    @(124.3450 mm, 129.2950 mm): PTH pad 2 [/N_R8_D4] of R8
    @(130.9250 mm, 110.1250 mm): PTH pad 2 [/N_R8_D4] of D4
[unconnected_items]: Missing connection between items
    Local override; error
    @(140.2850 mm, 123.5850 mm): PTH pad 3 [/BOOST2_OUT] of U2
    @(158.1750 mm, 105.2950 mm): PTH pad 2 [/BOOST2_OUT] of D2

** Found 0 Footprint errors **

** Ignored checks **
    - Footprint has no courtyard defined
    - Track endpoint not centered on via
    - Tuning profile track geometries
    - Footprint doesn't match symbol's footprint filters
    - Footprint component type doesn't match footprint pads

** End of Report **
